// Jest Snapshot v1, https://goo.gl/fbAQLP

exports[`app should be rendered 1`] = `ReactWrapper {}`;
